eeschema (2013-05-16 BZR 4016)-stable  >> Creation date: 11/06/2013 15:05:22
#Cmp ( ordre = Référence )
| C1         0.22uF      
| C2         0.22uF      
| C3         0.22uF      
| C4         0.22uF      
| C5         0.22uF      
| C6         0.1uF       
| C7         6.8nF       
| C8         0.22uF      
| C9         680pF       
| C10        20pF        
| C11        20pF        
| C12        0.1uF       
| C13        10uF        
| C14        0.1uF       
| C15        0.1uF       
| C16        10nF        
| C17        0.1uF       
| C18        47uF        
| C19        47uF        
| C20        0.22uF      
| C21        0.33uF      
| C22        0.1uF       
| C23        0.01uF      
| C24        1nF         
| C25        0.1uF       
| C26        0.1uF       
| C27        0.22uF      
| C28        0.1uF(+10V) 
| C29        0.1uF       
| C30        0.22uF(+35V)
| C31        0.22uF      
| C32        0.1uF       
| C33        0.1uF       
| C34        0.1uF       
| C35        0.1uF       
| C36        0.22uF      
| C37        0.22uF      
| C38        0.22uF      
| C39        4.7uF       
| C40        1uF         
| C41        0.1uF       
| C42        0.01uF      
| C43        1uF         
| C44        0.22uF      
| C45        0.1uF       
| C46        1uF         
| C47        10uF        
| C48        10uF        
| C49        0.1uF       
| C50        0.1uF       
| C51        0.1uF       
| C52        1uF         
| C53        0.01uF      
| C54        0.1uF       
| C55        0.22uF      
| C56        0.33uF      
| C57        1uF         
| D1         CEL         
| D3         1N5818-TP   
| D4         LED         
| D5         LED         
| D6         1N5818-TP   
| D7         1N5818-TP   
| D8         1N5818-TP   
| D9         1N5818-TP   
| D10        1N5818-TP   
| D11        1N5818-TP   
| D12        1N5818-TP   
| D13        1N5818-TP   
| D14        1N5818-TP   
| D15        1N5818-TP   
| D16        1N5818-TP   
| D17        1N5818-TP   
| D18        LED         
| D19        LED         
| D20        LED         
| D21        LED         
| D22        1N5818-TP   
| D23        ZENER 4.7V  
| D24        BLUE        
| D25        GREEN       
| D26        1N4148      
| D27        1N4148      
| D28        1N5818-TP   
| D29        1N5818-TP   
| D30        LED         
| D31        1N4148      
| D32        ZENER 4.7V  
| D35        +12VBRVLED  
| D36        +5VLED      
| D37        LED         
| D39        LED         
| D40        1N4148      
| D41        LED         
| D42        1N4148      
| D43        1N5818-TP   
| D44        1N5818-TP   
| D49        LED         
| D50        LED         
| D51        LED         
| D52        LED         
| D53        1N4148      
| D54        LED         
| D55        1N4148      
| D97        1N5818-TP   
| D98        4.7V        
| D99        1N5818-TP   
| J1         USB_B-micro 
| J5         TE-776163   
| JP1        JUMPER      
| JP2        JUMPER      
| JP11       5v/12v      
| K1         CONN_3      
| K2         CONN_3      
| L1         40          
| MOV1       ERZ-V14D220 
| P2         BATT1       
| P27        BDM         
| Q1         MOS_N       
| Q3         VND14NV04   
| Q4         VND14NV04   
| Q5         VNN7NV0413TR
| Q6         VNN7NV0413TR
| Q9         VNN7NV0413TR
| Q10        VNN7NV0413TR
| Q11        VNN7NV0413TR
| Q12        ZXTP25020DGTA
| R1         10k         
| R2         10k         
| R3         10k         
| R4         10k         
| R5         10k         
| R6         3.3k        
| R7         1k          
| R8         1k          
| R9         2.4k        
| R10        1k          
| R11        10k         
| R12        4.7k        
| R13        470         
| R14        2k4         
| R15        1k          
| R16        120         
| R17        2.4k        
| R18        1k          
| R19        1k          
| R20        10k         
| R21        10k         
| R22        1k          
| R23        5k          
| R24        2.49k       
| R25        2.49k       
| R26        470         
| R27        470         
| R28        470         
| R29        3.9k        
| R30        1k          
| R31        2.49k       
| R32        470         
| R33        470         
| R34        470         
| R35        10k         
| R36        330         
| R37        100k        
| R38        100k        
| R39        1k          
| R40        1k          
| R41        470         
| R42        470         
| R43        1k          
| R44        1k          
| R45        1k          
| R47        330         
| R48        330         
| R49        2.4k        
| R50        2.4k        
| R53        2.4k        
| R54        1k          
| R56        2k4         
| R59        1k          
| R60        1k          
| R61        1k          
| R62        2k4         
| R63        100k        
| R64        2k4         
| R65        2k4         
| R66        2k4         
| R67        2k4         
| R68        2k4         
| R69        2.4k        
| R70        100k        
| R71        1k          
| R72        2.4k        
| R73        100k        
| R74        1k          
| R75        2.4k        
| R76        100k        
| R77        1k          
| R78        2.4k        
| R79        100k        
| R80        1k          
| R83        1k          
| R87        1k          
| R88        1k          
| R89        100k        
| R90        100k        
| R91        150         
| R92        150         
| R95        470         
| R100       150         
| R101       150         
| R102       100k        
| R103       100k        
| R104       1k          
| R105       1k          
| R106       10k         
| R107       10k         
| R108       330         
| R109       604         
| U1         MC9S12XDP512
| U2         LM2937EM-5.0
| U3         LM2937EM-5.0
| U4         MAX9926UAEE+
| U5         M41T56M6    
| U6         MPX4250AP   
| U7         MCP2551     
| U8         LM2937ES-3.3
| U9         TC4427AVOA  
| U10        74V1T04STR  
| U11        MPXA6115AC6U
| U12        TC4427AVOA  
| U13        TL431BQDBZR 
| U14        NC7WZ86K8X  
| U15        NC7WZ86K8X  
| U16        FT232RL     
| U17        HC-05       
| U18        ADUMX201    
| X1         16MHz       
| X2         32.768kHz   
#End Cmp

#Cmp ( ordre = Valeur )
| 20pF         C10       
| 20pF         C11       
| 680pF        C9        
| 1nF          C24       
| 6.8nF        C7        
| 10nF         C16       
| 0.01uF       C23       
| 0.01uF       C42       
| 0.01uF       C53       
| 0.1uF        C6        
| 0.1uF        C12       
| 0.1uF        C14       
| 0.1uF        C15       
| 0.1uF        C17       
| 0.1uF        C22       
| 0.1uF        C25       
| 0.1uF        C26       
| 0.1uF(+10V)  C28       
| 0.1uF        C29       
| 0.1uF        C32       
| 0.1uF        C33       
| 0.1uF        C34       
| 0.1uF        C35       
| 0.1uF        C41       
| 0.1uF        C45       
| 0.1uF        C49       
| 0.1uF        C54       
| 0.1uF        C50       
| 0.1uF        C51       
| 0.22uF       C1        
| 0.22uF       C2        
| 0.22uF       C3        
| 0.22uF       C4        
| 0.22uF       C5        
| 0.22uF       C8        
| 0.22uF       C20       
| 0.22uF       C27       
| 0.22uF(+35V) C30       
| 0.22uF       C31       
| 0.22uF       C36       
| 0.22uF       C37       
| 0.22uF       C38       
| 0.22uF       C44       
| 0.22uF       C55       
| 0.33uF       C21       
| 0.33uF       C56       
| 1uF          C40       
| 1uF          C43       
| 1uF          C46       
| 1uF          C52       
| 1uF          C57       
| 4.7uF        C39       
| 10uF         C13       
| 10uF         C47       
| 10uF         C48       
| 47uF         C18       
| 47uF         C19       
| 4.7V         D98       
| CEL          D1        
| 1N5818-TP    D3        
| LED          D4        
| LED          D5        
| 1N5818-TP    D6        
| 1N5818-TP    D7        
| 1N5818-TP    D8        
| 1N5818-TP    D9        
| 1N5818-TP    D10       
| 1N5818-TP    D11       
| 1N5818-TP    D12       
| 1N5818-TP    D13       
| 1N5818-TP    D14       
| 1N5818-TP    D15       
| 1N5818-TP    D16       
| 1N5818-TP    D17       
| LED          D18       
| LED          D19       
| LED          D20       
| LED          D21       
| 1N5818-TP    D22       
| ZENER 4.7V   D23       
| BLUE         D24       
| GREEN        D25       
| 1N4148       D26       
| 1N4148       D27       
| 1N5818-TP    D28       
| 1N5818-TP    D29       
| LED          D30       
| 1N4148       D31       
| ZENER 4.7V   D32       
| +12VBRVLED   D35       
| +5VLED       D36       
| LED          D37       
| LED          D39       
| 1N4148       D40       
| LED          D41       
| 1N4148       D42       
| 1N5818-TP    D43       
| 1N5818-TP    D44       
| LED          D49       
| LED          D50       
| LED          D51       
| LED          D52       
| 1N4148       D53       
| LED          D54       
| 1N4148       D55       
| 1N5818-TP    D97       
| 1N5818-TP    D99       
| USB_B-micro  J1        
| TE-776163    J5        
| JUMPER       JP1       
| JUMPER       JP2       
| 5v/12v       JP11      
| CONN_3       K1        
| CONN_3       K2        
| 40           L1        
| ERZ-V14D220  MOV1      
| BATT1        P2        
| BDM          P27       
| VND14NV04    Q3        
| VND14NV04    Q4        
| VNN7NV0413TR Q5        
| VNN7NV0413TR Q6        
| VNN7NV0413TR Q9        
| VNN7NV0413TR Q10       
| VNN7NV0413TR Q11       
| ZXTP25020DGTA Q12       
| MOS_N        Q1        
| 120          R16       
| 150          R91       
| 150          R92       
| 150          R100      
| 150          R101      
| 330          R36       
| 330          R47       
| 330          R48       
| 330          R108      
| 470          R13       
| 470          R26       
| 470          R27       
| 470          R28       
| 470          R32       
| 470          R33       
| 470          R34       
| 470          R41       
| 470          R42       
| 470          R95       
| 604          R109      
| 1k           R7        
| 1k           R8        
| 1k           R10       
| 1k           R15       
| 1k           R18       
| 1k           R19       
| 1k           R22       
| 1k           R30       
| 1k           R39       
| 1k           R40       
| 1k           R43       
| 1k           R44       
| 1k           R45       
| 1k           R54       
| 1k           R59       
| 1k           R60       
| 1k           R61       
| 1k           R71       
| 1k           R74       
| 1k           R77       
| 1k           R80       
| 1k           R83       
| 1k           R87       
| 1k           R88       
| 1k           R104      
| 1k           R105      
| 2.4k         R9        
| 2k4          R14       
| 2.4k         R17       
| 2.4k         R49       
| 2.4k         R50       
| 2.4k         R53       
| 2k4          R56       
| 2k4          R62       
| 2k4          R64       
| 2k4          R65       
| 2k4          R66       
| 2k4          R67       
| 2k4          R68       
| 2.4k         R69       
| 2.4k         R72       
| 2.4k         R75       
| 2.4k         R78       
| 2.49k        R24       
| 2.49k        R25       
| 2.49k        R31       
| 3.3k         R6        
| 3.9k         R29       
| 4.7k         R12       
| 5k           R23       
| 10k          R1        
| 10k          R2        
| 10k          R3        
| 10k          R4        
| 10k          R5        
| 10k          R11       
| 10k          R20       
| 10k          R21       
| 10k          R35       
| 10k          R106      
| 10k          R107      
| 100k         R37       
| 100k         R38       
| 100k         R63       
| 100k         R70       
| 100k         R73       
| 100k         R76       
| 100k         R79       
| 100k         R89       
| 100k         R90       
| 100k         R102      
| 100k         R103      
| LM2937EM-5.0 U3        
| MAX9926UAEE+ U4        
| M41T56M6     U5        
| MPX4250AP    U6        
| LM2937ES-3.3 U8        
| TC4427AVOA   U9        
| 74V1T04STR   U10       
| MPXA6115AC6U U11       
| TC4427AVOA   U12       
| TL431BQDBZR  U13       
| NC7WZ86K8X   U14       
| NC7WZ86K8X   U15       
| FT232RL      U16       
| HC-05        U17       
| ADUMX201     U18       
| MC9S12XDP512 U1        
| LM2937EM-5.0 U2        
| MCP2551      U7        
| 32.768kHz    X2        
| 16MHz        X1        
#End Cmp

#End List
